// Jest Snapshot v1, https://goo.gl/fbAQLP

exports[`should render a component 1`] = `
<div
  className="flex absCenter"
  id="loginContainer"
>
  <form
    className="loginContent flex absCenter col"
    onSubmit={[Function]}
  >
    <input
      name="login"
      placeholder="Username"
      type="text"
    />
    <button
      name="submit"
      onClick={[Function]}
      type="submit"
    >
      Chat now!
    </button>
  </form>
</div>
`;
